127.0.0.1 - - [28/Nov/2024:09:45:57 +0900] "GET / HTTP/1.1" 404 807
127.0.0.1 - - [28/Nov/2024:09:49:38 +0900] "GET / HTTP/1.1" 404 807
127.0.0.1 - - [28/Nov/2024:09:51:16 +0900] "GET / HTTP/1.1" 404 807
127.0.0.1 - - [28/Nov/2024:09:52:08 +0900] "GET / HTTP/1.1" 404 807
127.0.0.1 - - [28/Nov/2024:09:53:41 +0900] "GET / HTTP/1.1" 404 807
127.0.0.1 - - [28/Nov/2024:09:55:24 +0900] "GET / HTTP/1.1" 404 807
127.0.0.1 - - [28/Nov/2024:10:34:51 +0900] "GET / HTTP/1.1" 404 807
127.0.0.1 - - [28/Nov/2024:11:03:42 +0900] "GET / HTTP/1.1" 404 807
127.0.0.1 - - [28/Nov/2024:11:06:38 +0900] "GET / HTTP/1.1" 404 807
0:0:0:0:0:0:0:1 - - [28/Nov/2024:11:06:39 +0900] "GET /test/WEB-INF/classes/chapter04/MemberController.java HTTP/1.1" 404 721
0:0:0:0:0:0:0:1 - - [28/Nov/2024:11:07:38 +0900] "GET /test/WEB-INF/classes/chapter04/MemberController.java HTTP/1.1" 404 721
0:0:0:0:0:0:0:1 - - [28/Nov/2024:11:07:50 +0900] "GET /test/WEB-INF/classes/chapter04/MemberController.java HTTP/1.1" 404 721
127.0.0.1 - - [28/Nov/2024:11:08:44 +0900] "GET / HTTP/1.1" 404 807
0:0:0:0:0:0:0:1 - - [28/Nov/2024:11:08:48 +0900] "GET /test/WEB-INF/classes/chapter04/MemberController.java HTTP/1.1" 404 721
127.0.0.1 - - [28/Nov/2024:11:10:46 +0900] "GET / HTTP/1.1" 404 807
0:0:0:0:0:0:0:1 - - [28/Nov/2024:11:37:37 +0900] "GET /test HTTP/1.1" 302 -
0:0:0:0:0:0:0:1 - - [28/Nov/2024:11:37:37 +0900] "GET /test/ HTTP/1.1" 404 682
0:0:0:0:0:0:0:1 - - [28/Nov/2024:11:37:44 +0900] "GET /test/user HTTP/1.1" 404 682
0:0:0:0:0:0:0:1 - - [28/Nov/2024:11:37:44 +0900] "GET /favicon.ico HTTP/1.1" 404 777
0:0:0:0:0:0:0:1 - - [28/Nov/2024:11:38:12 +0900] "GET /test/user HTTP/1.1" 404 682
0:0:0:0:0:0:0:1 - - [28/Nov/2024:11:38:23 +0900] "GET /test/user/test.jsp HTTP/1.1" 404 768
0:0:0:0:0:0:0:1 - - [28/Nov/2024:11:38:27 +0900] "GET /test/user HTTP/1.1" 404 682
127.0.0.1 - - [28/Nov/2024:11:38:40 +0900] "GET / HTTP/1.1" 404 807
0:0:0:0:0:0:0:1 - - [28/Nov/2024:11:38:49 +0900] "GET /test/user/test.do HTTP/1.1" 404 776
127.0.0.1 - - [28/Nov/2024:11:39:29 +0900] "GET / HTTP/1.1" 404 807
0:0:0:0:0:0:0:1 - - [28/Nov/2024:11:39:35 +0900] "GET /test/user/test.do HTTP/1.1" 200 128
0:0:0:0:0:0:0:1 - - [28/Nov/2024:11:39:50 +0900] "GET /test/user/test.do HTTP/1.1" 200 141
127.0.0.1 - - [28/Nov/2024:12:09:39 +0900] "GET / HTTP/1.1" 404 807
0:0:0:0:0:0:0:1 - - [28/Nov/2024:12:09:52 +0900] "GET /test/test5.do HTTP/1.1" 404 682
0:0:0:0:0:0:0:1 - - [28/Nov/2024:12:10:35 +0900] "GET /test/user/test5.do HTTP/1.1" 302 -
0:0:0:0:0:0:0:1 - - [28/Nov/2024:12:10:35 +0900] "GET /test/user/test.do HTTP/1.1" 200 141
0:0:0:0:0:0:0:1 - - [28/Nov/2024:12:11:01 +0900] "GET /test/test5.do HTTP/1.1" 404 682
127.0.0.1 - - [28/Nov/2024:12:12:04 +0900] "GET / HTTP/1.1" 404 807
0:0:0:0:0:0:0:1 - - [28/Nov/2024:12:12:06 +0900] "GET /test/test5.do HTTP/1.1" 404 682
0:0:0:0:0:0:0:1 - - [28/Nov/2024:12:13:39 +0900] "GET /test/test5.do HTTP/1.1" 404 682
0:0:0:0:0:0:0:1 - - [28/Nov/2024:12:13:48 +0900] "GET /test/user/test5.do HTTP/1.1" 500 3730
0:0:0:0:0:0:0:1 - - [28/Nov/2024:12:14:03 +0900] "GET /test/user/test.do HTTP/1.1" 200 141
127.0.0.1 - - [28/Nov/2024:12:14:31 +0900] "GET / HTTP/1.1" 404 807
0:0:0:0:0:0:0:1 - - [28/Nov/2024:12:14:33 +0900] "GET /test/user/test.do HTTP/1.1" 200 141
0:0:0:0:0:0:0:1 - - [28/Nov/2024:12:14:52 +0900] "GET /test/test5.do HTTP/1.1" 404 682
0:0:0:0:0:0:0:1 - - [28/Nov/2024:12:16:24 +0900] "GET /test/user/test5.do HTTP/1.1" 302 -
0:0:0:0:0:0:0:1 - - [28/Nov/2024:12:16:24 +0900] "GET /test/user/test.do HTTP/1.1" 200 141
0:0:0:0:0:0:0:1 - - [28/Nov/2024:12:17:05 +0900] "GET /test/test5.do HTTP/1.1" 404 682
0:0:0:0:0:0:0:1 - - [28/Nov/2024:12:17:12 +0900] "GET /test/user/test5.do HTTP/1.1" 302 -
0:0:0:0:0:0:0:1 - - [28/Nov/2024:12:17:12 +0900] "GET /test/user/test.do HTTP/1.1" 200 141
0:0:0:0:0:0:0:1 - - [28/Nov/2024:12:18:55 +0900] "GET /test/test5.do HTTP/1.1" 404 682
127.0.0.1 - - [28/Nov/2024:12:27:25 +0900] "GET / HTTP/1.1" 404 807
0:0:0:0:0:0:0:1 - - [28/Nov/2024:12:27:31 +0900] "GET /test/test5.do HTTP/1.1" 404 682
0:0:0:0:0:0:0:1 - - [28/Nov/2024:12:32:01 +0900] "GET /user/test5.do HTTP/1.1" 404 783
127.0.0.1 - - [28/Nov/2024:12:32:10 +0900] "GET / HTTP/1.1" 404 807
0:0:0:0:0:0:0:1 - - [28/Nov/2024:12:32:14 +0900] "GET /user/test5.do HTTP/1.1" 404 783
0:0:0:0:0:0:0:1 - - [28/Nov/2024:12:32:22 +0900] "GET /user/test5.do HTTP/1.1" 404 783
0:0:0:0:0:0:0:1 - - [28/Nov/2024:12:32:36 +0900] "GET /test/test5.do HTTP/1.1" 404 682
0:0:0:0:0:0:0:1 - - [28/Nov/2024:12:33:27 +0900] "GET /test/user/test5.do HTTP/1.1" 302 -
0:0:0:0:0:0:0:1 - - [28/Nov/2024:12:33:28 +0900] "GET /test/user/test.do HTTP/1.1" 200 141
0:0:0:0:0:0:0:1 - - [28/Nov/2024:12:34:02 +0900] "GET /test/user/test6.do HTTP/1.1" 200 -
0:0:0:0:0:0:0:1 - - [28/Nov/2024:12:34:13 +0900] "GET /test/user/test6.do?id=%22hong%22 HTTP/1.1" 200 -
0:0:0:0:0:0:0:1 - - [28/Nov/2024:12:34:50 +0900] "GET /test/test5.do HTTP/1.1" 404 682
0:0:0:0:0:0:0:1 - - [28/Nov/2024:12:34:50 +0900] "GET /test/test5.do HTTP/1.1" 404 682
127.0.0.1 - - [28/Nov/2024:12:35:00 +0900] "GET / HTTP/1.1" 404 807
0:0:0:0:0:0:0:1 - - [28/Nov/2024:12:35:08 +0900] "GET /test/test5.do HTTP/1.1" 404 682
0:0:0:0:0:0:0:1 - - [28/Nov/2024:12:41:10 +0900] "GET /test5.do HTTP/1.1" 404 774
127.0.0.1 - - [28/Nov/2024:12:41:53 +0900] "GET / HTTP/1.1" 404 807
0:0:0:0:0:0:0:1 - - [28/Nov/2024:12:42:01 +0900] "GET /test5.do HTTP/1.1" 404 774
0:0:0:0:0:0:0:1 - - [28/Nov/2024:12:42:03 +0900] "GET /test5.do HTTP/1.1" 404 774
0:0:0:0:0:0:0:1 - - [28/Nov/2024:12:42:04 +0900] "GET /test5.do HTTP/1.1" 404 774
0:0:0:0:0:0:0:1 - - [28/Nov/2024:12:42:04 +0900] "GET /test5.do HTTP/1.1" 404 774
0:0:0:0:0:0:0:1 - - [28/Nov/2024:12:42:13 +0900] "GET /test/test5.do HTTP/1.1" 404 682
0:0:0:0:0:0:0:1 - - [28/Nov/2024:12:42:13 +0900] "GET /test/test5.do HTTP/1.1" 404 682
0:0:0:0:0:0:0:1 - - [28/Nov/2024:12:42:41 +0900] "GET /test/user/test5.do HTTP/1.1" 302 -
0:0:0:0:0:0:0:1 - - [28/Nov/2024:12:42:41 +0900] "GET /test/user/test.do HTTP/1.1" 200 141
0:0:0:0:0:0:0:1 - - [28/Nov/2024:12:42:57 +0900] "GET /test/user/test.do HTTP/1.1" 200 141
0:0:0:0:0:0:0:1 - - [28/Nov/2024:12:42:59 +0900] "GET /test/user/test.do HTTP/1.1" 200 141
127.0.0.1 - - [28/Nov/2024:12:43:14 +0900] "GET / HTTP/1.1" 404 807
0:0:0:0:0:0:0:1 - - [28/Nov/2024:12:43:15 +0900] "GET /test/user/test.do HTTP/1.1" 200 145
0:0:0:0:0:0:0:1 - - [28/Nov/2024:12:43:17 +0900] "GET /test/user/test5.do HTTP/1.1" 302 -
0:0:0:0:0:0:0:1 - - [28/Nov/2024:12:43:17 +0900] "GET /test/user/test.do HTTP/1.1" 200 145
0:0:0:0:0:0:0:1 - - [28/Nov/2024:12:43:59 +0900] "GET /test/user/test2.do HTTP/1.1" 200 145
0:0:0:0:0:0:0:1 - - [28/Nov/2024:12:44:19 +0900] "GET /test/user/test2.do HTTP/1.1" 200 145
0:0:0:0:0:0:0:1 - - [28/Nov/2024:12:44:19 +0900] "GET /test/user/test2.do HTTP/1.1" 200 145
0:0:0:0:0:0:0:1 - - [28/Nov/2024:12:44:19 +0900] "GET /test/user/test2.do HTTP/1.1" 200 145
0:0:0:0:0:0:0:1 - - [28/Nov/2024:12:44:22 +0900] "GET /test/user/test1.do HTTP/1.1" 404 682
127.0.0.1 - - [28/Nov/2024:12:44:29 +0900] "GET / HTTP/1.1" 404 807
0:0:0:0:0:0:0:1 - - [28/Nov/2024:12:44:34 +0900] "GET /test/user/test1.do HTTP/1.1" 200 145
0:0:0:0:0:0:0:1 - - [28/Nov/2024:12:46:39 +0900] "GET /test/user/test3.do HTTP/1.1" 405 749
0:0:0:0:0:0:0:1 - - [28/Nov/2024:12:47:06 +0900] "GET /test/test3.do HTTP/1.1" 404 682
0:0:0:0:0:0:0:1 - - [28/Nov/2024:12:47:51 +0900] "GET /test/user/test4.do HTTP/1.1" 405 749
0:0:0:0:0:0:0:1 - - [28/Nov/2024:12:48:28 +0900] "GET /test/member/form.do HTTP/1.1" 404 682
0:0:0:0:0:0:0:1 - - [28/Nov/2024:12:49:50 +0900] "GET /test//test5.do HTTP/1.1" 404 682
0:0:0:0:0:0:0:1 - - [28/Nov/2024:12:49:55 +0900] "GET /test/test5.do HTTP/1.1" 404 682
0:0:0:0:0:0:0:1 - - [28/Nov/2024:12:49:55 +0900] "GET /test/test5.do HTTP/1.1" 404 682
0:0:0:0:0:0:0:1 - - [28/Nov/2024:12:50:02 +0900] "GET /test/user/test5.do HTTP/1.1" 302 -
0:0:0:0:0:0:0:1 - - [28/Nov/2024:12:50:02 +0900] "GET /test/user/test.do HTTP/1.1" 404 682
0:0:0:0:0:0:0:1 - - [28/Nov/2024:12:50:02 +0900] "GET /test/user/test5.do HTTP/1.1" 302 -
0:0:0:0:0:0:0:1 - - [28/Nov/2024:12:50:02 +0900] "GET /test/user/test.do HTTP/1.1" 404 682
0:0:0:0:0:0:0:1 - - [28/Nov/2024:12:50:06 +0900] "GET /test/user/test5.do HTTP/1.1" 302 -
0:0:0:0:0:0:0:1 - - [28/Nov/2024:12:50:06 +0900] "GET /test/user/test.do HTTP/1.1" 404 682
0:0:0:0:0:0:0:1 - - [28/Nov/2024:12:50:07 +0900] "GET /test/user/test5.do HTTP/1.1" 302 -
0:0:0:0:0:0:0:1 - - [28/Nov/2024:12:50:07 +0900] "GET /test/user/test.do HTTP/1.1" 404 682
0:0:0:0:0:0:0:1 - - [28/Nov/2024:12:50:26 +0900] "GET /test/user/test5.do HTTP/1.1" 302 -
0:0:0:0:0:0:0:1 - - [28/Nov/2024:12:50:26 +0900] "GET /test/user/test.do HTTP/1.1" 404 682
0:0:0:0:0:0:0:1 - - [28/Nov/2024:12:50:26 +0900] "GET /test/user/test5.do HTTP/1.1" 302 -
0:0:0:0:0:0:0:1 - - [28/Nov/2024:12:50:26 +0900] "GET /test/user/test.do HTTP/1.1" 404 682
0:0:0:0:0:0:0:1 - - [28/Nov/2024:13:53:26 +0900] "GET /test/test5.do HTTP/1.1" 404 682
0:0:0:0:0:0:0:1 - - [28/Nov/2024:13:53:26 +0900] "GET /test/test5.do HTTP/1.1" 404 682
0:0:0:0:0:0:0:1 - - [28/Nov/2024:13:53:44 +0900] "GET /test/user/test5.do HTTP/1.1" 302 -
0:0:0:0:0:0:0:1 - - [28/Nov/2024:13:53:44 +0900] "GET /test/user/test.do HTTP/1.1" 404 682
0:0:0:0:0:0:0:1 - - [28/Nov/2024:13:53:44 +0900] "GET /test/user/test5.do HTTP/1.1" 302 -
0:0:0:0:0:0:0:1 - - [28/Nov/2024:13:53:44 +0900] "GET /test/user/test.do HTTP/1.1" 404 682
0:0:0:0:0:0:0:1 - - [28/Nov/2024:13:53:52 +0900] "GET /test/test.do HTTP/1.1" 404 682
0:0:0:0:0:0:0:1 - - [28/Nov/2024:14:01:52 +0900] "GET /test/test.do HTTP/1.1" 404 682
127.0.0.1 - - [28/Nov/2024:14:02:35 +0900] "GET / HTTP/1.1" 404 807
0:0:0:0:0:0:0:1 - - [28/Nov/2024:14:02:42 +0900] "GET /test/test.do HTTP/1.1" 200 145
0:0:0:0:0:0:0:1 - - [28/Nov/2024:14:02:53 +0900] "GET /test/user/test.do HTTP/1.1" 404 682
127.0.0.1 - - [28/Nov/2024:14:03:04 +0900] "GET / HTTP/1.1" 404 807
0:0:0:0:0:0:0:1 - - [28/Nov/2024:14:03:19 +0900] "GET /test/user/test.do HTTP/1.1" 200 145
0:0:0:0:0:0:0:1 - - [28/Nov/2024:14:03:22 +0900] "GET /test/user/test5.do HTTP/1.1" 302 -
0:0:0:0:0:0:0:1 - - [28/Nov/2024:14:03:22 +0900] "GET /test/user/test.do HTTP/1.1" 200 145
127.0.0.1 - - [28/Nov/2024:14:04:06 +0900] "GET / HTTP/1.1" 404 807
0:0:0:0:0:0:0:1 - - [28/Nov/2024:14:04:11 +0900] "GET /test/user/test.do HTTP/1.1" 200 145
0:0:0:0:0:0:0:1 - - [28/Nov/2024:14:04:17 +0900] "GET /test/user/test5.do HTTP/1.1" 302 -
0:0:0:0:0:0:0:1 - - [28/Nov/2024:14:04:17 +0900] "GET /test/user/test.do HTTP/1.1" 200 145
0:0:0:0:0:0:0:1 - - [28/Nov/2024:14:06:52 +0900] "GET /test/user/test7.do HTTP/1.1" 404 791
0:0:0:0:0:0:0:1 - - [28/Nov/2024:14:07:07 +0900] "GET /test/user/test7.do HTTP/1.1" 404 791
127.0.0.1 - - [28/Nov/2024:14:07:23 +0900] "GET / HTTP/1.1" 404 807
0:0:0:0:0:0:0:1 - - [28/Nov/2024:14:07:37 +0900] "GET /test/user/test7.do?id=hong HTTP/1.1" 404 791
0:0:0:0:0:0:0:1 - - [28/Nov/2024:14:10:52 +0900] "GET /test/user/test7.do?age=30 HTTP/1.1" 404 791
127.0.0.1 - - [28/Nov/2024:14:26:35 +0900] "GET / HTTP/1.1" 404 807
0:0:0:0:0:0:0:1 - - [28/Nov/2024:14:27:02 +0900] "GET /test/user/member/form.do HTTP/1.1" 200 296
0:0:0:0:0:0:0:1 - - [28/Nov/2024:14:27:26 +0900] "GET /test/user/member/form.do HTTP/1.1" 200 309
0:0:0:0:0:0:0:1 - - [28/Nov/2024:14:27:47 +0900] "POST /test/user/member/regist.do HTTP/1.1" 200 309
127.0.0.1 - - [28/Nov/2024:14:34:26 +0900] "GET / HTTP/1.1" 404 807
0:0:0:0:0:0:0:1 - - [28/Nov/2024:14:34:29 +0900] "GET /test/user/member/regist.do HTTP/1.1" 405 749
0:0:0:0:0:0:0:1 - - [28/Nov/2024:14:34:39 +0900] "GET /test/user/member/form.do HTTP/1.1" 200 309
0:0:0:0:0:0:0:1 - - [28/Nov/2024:14:34:57 +0900] "POST /test/user/member/regist.do HTTP/1.1" 200 309
127.0.0.1 - - [28/Nov/2024:14:35:17 +0900] "GET / HTTP/1.1" 404 807
0:0:0:0:0:0:0:1 - - [28/Nov/2024:14:35:27 +0900] "GET /test/user/member/form.do HTTP/1.1" 200 309
0:0:0:0:0:0:0:1 - - [28/Nov/2024:14:35:32 +0900] "POST /test/user/member/regist.do HTTP/1.1" 200 309
127.0.0.1 - - [28/Nov/2024:14:51:23 +0900] "GET / HTTP/1.1" 404 807
0:0:0:0:0:0:0:1 - - [28/Nov/2024:14:51:52 +0900] "GET /test/user/member/form.do HTTP/1.1" 200 322
0:0:0:0:0:0:0:1 - - [28/Nov/2024:15:26:58 +0900] "GET /test/user/member/lee HTTP/1.1" 404 800
127.0.0.1 - - [28/Nov/2024:15:27:07 +0900] "GET / HTTP/1.1" 404 807
0:0:0:0:0:0:0:1 - - [28/Nov/2024:15:27:09 +0900] "GET /test/user/member/lee HTTP/1.1" 404 800
0:0:0:0:0:0:0:1 - - [28/Nov/2024:15:28:22 +0900] "GET /test/user/member/lee HTTP/1.1" 404 800
127.0.0.1 - - [28/Nov/2024:15:38:57 +0900] "GET / HTTP/1.1" 404 807
0:0:0:0:0:0:0:1 - - [28/Nov/2024:15:39:11 +0900] "GET /test/user/test8.do HTTP/1.1" 400 833
0:0:0:0:0:0:0:1 - - [28/Nov/2024:15:39:30 +0900] "GET /test/user/test8.do?v=3 HTTP/1.1" 200 138
0:0:0:0:0:0:0:1 - - [28/Nov/2024:15:40:17 +0900] "GET /test/user/test8.do?v=3 HTTP/1.1" 200 158
0:0:0:0:0:0:0:1 - - [28/Nov/2024:16:23:08 +0900] "GET /test/user/test.do HTTP/1.1" 200 145
0:0:0:0:0:0:0:1 - - [28/Nov/2024:16:23:10 +0900] "GET /test/user/test9.do HTTP/1.1" 404 781
127.0.0.1 - - [28/Nov/2024:16:23:20 +0900] "GET / HTTP/1.1" 404 807
0:0:0:0:0:0:0:1 - - [28/Nov/2024:16:23:22 +0900] "GET /test/user/test9.do HTTP/1.1" 404 781
0:0:0:0:0:0:0:1 - - [28/Nov/2024:16:24:58 +0900] "GET /test/user/test9.do HTTP/1.1" 500 3743
127.0.0.1 - - [28/Nov/2024:16:25:14 +0900] "GET / HTTP/1.1" 404 807
0:0:0:0:0:0:0:1 - - [28/Nov/2024:16:25:15 +0900] "GET /test/user/test9.do HTTP/1.1" 200 41
0:0:0:0:0:0:0:1 - - [28/Nov/2024:16:26:51 +0900] "GET /test/user/test9.do HTTP/1.1" 200 105
